1736271750.059661 client started (57597): version 3.5a, socket /private/tmp/tmux-501/default, protocol 8
1736271750.059772 on Darwin 21.6.0 Darwin Kernel Version 21.6.0: Mon Feb 19 20:24:34 PST 2024; root:xnu-8020.240.18.707.4~1/RELEASE_X86_64
1736271750.059827 using libevent 2.1.12-stable select
1736271750.060476 using utf8proc 2.10.0
1736271750.060552 using ncurses 6.5 20240427
1736271750.060675 flags are 0x18010000
1736271750.060726 socket is /private/tmp/tmux-501/default
1736271750.060780 trying connect
1736271750.060854 connect failed: Connection refused
1736271750.060913 lock file is /private/tmp/tmux-501/default.lock
1736271750.061185 flock succeeded
1736271750.061226 got lock (6)
1736271750.061265 trying connect
1736271750.061313 connect failed: Connection refused
1736271750.063286 add peer 0x7fae39031000: 7 (0x0)
1736271750.071613 sending message 111 to peer 0x7fae39031000 (8 bytes)
1736271750.071665 sending message 111 to peer 0x7fae39031000 (8 bytes)
1736271750.071701 sending message 101 to peer 0x7fae39031000 (12 bytes)
1736271750.071735 sending message 109 to peer 0x7fae39031000 (4 bytes)
1736271750.071768 sending message 102 to peer 0x7fae39031000 (13 bytes)
1736271750.071799 sending message 108 to peer 0x7fae39031000 (31 bytes)
1736271750.071831 sending message 112 to peer 0x7fae39031000 (70 bytes)
1736271750.071863 sending message 112 to peer 0x7fae39031000 (5 bytes)
1736271750.071892 sending message 112 to peer 0x7fae39031000 (6 bytes)
1736271750.071923 sending message 112 to peer 0x7fae39031000 (6 bytes)
1736271750.071955 sending message 112 to peer 0x7fae39031000 (10 bytes)
1736271750.071988 sending message 112 to peer 0x7fae39031000 (13 bytes)
1736271750.072021 sending message 112 to peer 0x7fae39031000 (14 bytes)
1736271750.072054 sending message 112 to peer 0x7fae39031000 (19 bytes)
1736271750.072089 sending message 112 to peer 0x7fae39031000 (11 bytes)
1736271750.072121 sending message 112 to peer 0x7fae39031000 (10 bytes)
1736271750.072155 sending message 112 to peer 0x7fae39031000 (15 bytes)
1736271750.072189 sending message 112 to peer 0x7fae39031000 (21 bytes)
1736271750.072223 sending message 112 to peer 0x7fae39031000 (13 bytes)
1736271750.072259 sending message 112 to peer 0x7fae39031000 (7 bytes)
1736271750.072293 sending message 112 to peer 0x7fae39031000 (13 bytes)
1736271750.072324 sending message 112 to peer 0x7fae39031000 (7 bytes)
1736271750.072354 sending message 112 to peer 0x7fae39031000 (13 bytes)
1736271750.072385 sending message 112 to peer 0x7fae39031000 (9 bytes)
1736271750.072415 sending message 112 to peer 0x7fae39031000 (21 bytes)
1736271750.072446 sending message 112 to peer 0x7fae39031000 (13 bytes)
1736271750.072478 sending message 112 to peer 0x7fae39031000 (9 bytes)
1736271750.072510 sending message 112 to peer 0x7fae39031000 (16 bytes)
1736271750.072545 sending message 112 to peer 0x7fae39031000 (13 bytes)
1736271750.072578 sending message 112 to peer 0x7fae39031000 (9 bytes)
1736271750.072611 sending message 112 to peer 0x7fae39031000 (9 bytes)
1736271750.072645 sending message 112 to peer 0x7fae39031000 (12 bytes)
1736271750.072676 sending message 112 to peer 0x7fae39031000 (8 bytes)
1736271750.072704 sending message 112 to peer 0x7fae39031000 (13 bytes)
1736271750.072733 sending message 112 to peer 0x7fae39031000 (7 bytes)
1736271750.072764 sending message 112 to peer 0x7fae39031000 (7 bytes)
1736271750.072797 sending message 112 to peer 0x7fae39031000 (9 bytes)
1736271750.072828 sending message 112 to peer 0x7fae39031000 (6 bytes)
1736271750.072861 sending message 112 to peer 0x7fae39031000 (9 bytes)
1736271750.072895 sending message 112 to peer 0x7fae39031000 (15 bytes)
1736271750.072931 sending message 112 to peer 0x7fae39031000 (13 bytes)
1736271750.072964 sending message 112 to peer 0x7fae39031000 (12 bytes)
1736271750.072998 sending message 112 to peer 0x7fae39031000 (8 bytes)
1736271750.073031 sending message 112 to peer 0x7fae39031000 (14 bytes)
1736271750.073061 sending message 112 to peer 0x7fae39031000 (9 bytes)
1736271750.073094 sending message 112 to peer 0x7fae39031000 (10 bytes)
1736271750.073164 sending message 112 to peer 0x7fae39031000 (10 bytes)
1736271750.073192 sending message 112 to peer 0x7fae39031000 (10 bytes)
1736271750.073217 sending message 112 to peer 0x7fae39031000 (10 bytes)
1736271750.073242 sending message 112 to peer 0x7fae39031000 (11 bytes)
1736271750.073266 sending message 112 to peer 0x7fae39031000 (12 bytes)
1736271750.073291 sending message 112 to peer 0x7fae39031000 (12 bytes)
1736271750.073317 sending message 112 to peer 0x7fae39031000 (12 bytes)
1736271750.073340 sending message 112 to peer 0x7fae39031000 (12 bytes)
1736271750.073362 sending message 112 to peer 0x7fae39031000 (12 bytes)
1736271750.073388 sending message 112 to peer 0x7fae39031000 (11 bytes)
1736271750.073413 sending message 112 to peer 0x7fae39031000 (11 bytes)
1736271750.073438 sending message 112 to peer 0x7fae39031000 (12 bytes)
1736271750.073465 sending message 112 to peer 0x7fae39031000 (12 bytes)
1736271750.073491 sending message 112 to peer 0x7fae39031000 (12 bytes)
1736271750.073517 sending message 112 to peer 0x7fae39031000 (12 bytes)
1736271750.073542 sending message 112 to peer 0x7fae39031000 (12 bytes)
1736271750.073569 sending message 112 to peer 0x7fae39031000 (9 bytes)
1736271750.073619 sending message 112 to peer 0x7fae39031000 (12 bytes)
1736271750.073648 sending message 112 to peer 0x7fae39031000 (13 bytes)
1736271750.073674 sending message 112 to peer 0x7fae39031000 (13 bytes)
1736271750.073699 sending message 112 to peer 0x7fae39031000 (13 bytes)
1736271750.073725 sending message 112 to peer 0x7fae39031000 (13 bytes)
1736271750.073748 sending message 112 to peer 0x7fae39031000 (13 bytes)
1736271750.073770 sending message 112 to peer 0x7fae39031000 (8 bytes)
1736271750.073793 sending message 112 to peer 0x7fae39031000 (11 bytes)
1736271750.073817 sending message 112 to peer 0x7fae39031000 (11 bytes)
1736271750.073841 sending message 112 to peer 0x7fae39031000 (11 bytes)
1736271750.073866 sending message 112 to peer 0x7fae39031000 (12 bytes)
1736271750.073891 sending message 112 to peer 0x7fae39031000 (12 bytes)
1736271750.073916 sending message 112 to peer 0x7fae39031000 (13 bytes)
1736271750.073942 sending message 112 to peer 0x7fae39031000 (12 bytes)
1736271750.073966 sending message 112 to peer 0x7fae39031000 (13 bytes)
1736271750.073991 sending message 112 to peer 0x7fae39031000 (13 bytes)
1736271750.074016 sending message 112 to peer 0x7fae39031000 (13 bytes)
1736271750.074042 sending message 112 to peer 0x7fae39031000 (8 bytes)
1736271750.074068 sending message 112 to peer 0x7fae39031000 (13 bytes)
1736271750.074093 sending message 112 to peer 0x7fae39031000 (13 bytes)
1736271750.074118 sending message 112 to peer 0x7fae39031000 (13 bytes)
1736271750.074143 sending message 112 to peer 0x7fae39031000 (13 bytes)
1736271750.074168 sending message 112 to peer 0x7fae39031000 (13 bytes)
1736271750.074194 sending message 112 to peer 0x7fae39031000 (12 bytes)
1736271750.074218 sending message 112 to peer 0x7fae39031000 (12 bytes)
1736271750.074244 sending message 112 to peer 0x7fae39031000 (13 bytes)
1736271750.074268 sending message 112 to peer 0x7fae39031000 (12 bytes)
1736271750.074292 sending message 112 to peer 0x7fae39031000 (13 bytes)
1736271750.074314 sending message 112 to peer 0x7fae39031000 (8 bytes)
1736271750.074335 sending message 112 to peer 0x7fae39031000 (13 bytes)
1736271750.074358 sending message 112 to peer 0x7fae39031000 (13 bytes)
1736271750.074382 sending message 112 to peer 0x7fae39031000 (13 bytes)
1736271750.074406 sending message 112 to peer 0x7fae39031000 (13 bytes)
1736271750.074431 sending message 112 to peer 0x7fae39031000 (13 bytes)
1736271750.074455 sending message 112 to peer 0x7fae39031000 (13 bytes)
1736271750.074478 sending message 112 to peer 0x7fae39031000 (13 bytes)
1736271750.074501 sending message 112 to peer 0x7fae39031000 (12 bytes)
1736271750.074525 sending message 112 to peer 0x7fae39031000 (12 bytes)
1736271750.074548 sending message 112 to peer 0x7fae39031000 (13 bytes)
1736271750.074571 sending message 112 to peer 0x7fae39031000 (8 bytes)
1736271750.074628 sending message 112 to peer 0x7fae39031000 (12 bytes)
1736271750.074654 sending message 112 to peer 0x7fae39031000 (13 bytes)
1736271750.074678 sending message 112 to peer 0x7fae39031000 (13 bytes)
1736271750.074702 sending message 112 to peer 0x7fae39031000 (13 bytes)
1736271750.074726 sending message 112 to peer 0x7fae39031000 (13 bytes)
1736271750.074748 sending message 112 to peer 0x7fae39031000 (13 bytes)
1736271750.074773 sending message 112 to peer 0x7fae39031000 (13 bytes)
1736271750.074800 sending message 112 to peer 0x7fae39031000 (13 bytes)
1736271750.074823 sending message 112 to peer 0x7fae39031000 (13 bytes)
1736271750.074846 sending message 112 to peer 0x7fae39031000 (12 bytes)
1736271750.074870 sending message 112 to peer 0x7fae39031000 (10 bytes)
1736271750.074892 sending message 112 to peer 0x7fae39031000 (12 bytes)
1736271750.074915 sending message 112 to peer 0x7fae39031000 (13 bytes)
1736271750.074939 sending message 112 to peer 0x7fae39031000 (12 bytes)
1736271750.074963 sending message 112 to peer 0x7fae39031000 (13 bytes)
1736271750.074987 sending message 112 to peer 0x7fae39031000 (13 bytes)
1736271750.075010 sending message 112 to peer 0x7fae39031000 (13 bytes)
1736271750.075034 sending message 112 to peer 0x7fae39031000 (13 bytes)
1736271750.075058 sending message 112 to peer 0x7fae39031000 (13 bytes)
1736271750.075082 sending message 112 to peer 0x7fae39031000 (13 bytes)
1736271750.075104 sending message 112 to peer 0x7fae39031000 (13 bytes)
1736271750.075130 sending message 112 to peer 0x7fae39031000 (10 bytes)
1736271750.075154 sending message 112 to peer 0x7fae39031000 (13 bytes)
1736271750.075178 sending message 112 to peer 0x7fae39031000 (12 bytes)
1736271750.075214 sending message 112 to peer 0x7fae39031000 (12 bytes)
1736271750.075240 sending message 112 to peer 0x7fae39031000 (13 bytes)
1736271750.075261 sending message 112 to peer 0x7fae39031000 (10 bytes)
1736271750.075283 sending message 112 to peer 0x7fae39031000 (10 bytes)
1736271750.075307 sending message 112 to peer 0x7fae39031000 (10 bytes)
1736271750.075331 sending message 112 to peer 0x7fae39031000 (12 bytes)
1736271750.075356 sending message 112 to peer 0x7fae39031000 (13 bytes)
1736271750.075389 sending message 112 to peer 0x7fae39031000 (13 bytes)
1736271750.075415 sending message 112 to peer 0x7fae39031000 (13 bytes)
1736271750.075440 sending message 112 to peer 0x7fae39031000 (13 bytes)
1736271750.075464 sending message 112 to peer 0x7fae39031000 (13 bytes)
1736271750.075487 sending message 112 to peer 0x7fae39031000 (10 bytes)
1736271750.075511 sending message 112 to peer 0x7fae39031000 (11 bytes)
1736271750.075533 sending message 112 to peer 0x7fae39031000 (12 bytes)
1736271750.075555 sending message 112 to peer 0x7fae39031000 (12 bytes)
1736271750.075580 sending message 112 to peer 0x7fae39031000 (12 bytes)
1736271750.075605 sending message 112 to peer 0x7fae39031000 (12 bytes)
1736271750.075629 sending message 112 to peer 0x7fae39031000 (12 bytes)
1736271750.075651 sending message 112 to peer 0x7fae39031000 (11 bytes)
1736271750.075674 sending message 112 to peer 0x7fae39031000 (12 bytes)
1736271750.075700 sending message 112 to peer 0x7fae39031000 (12 bytes)
1736271750.075725 sending message 112 to peer 0x7fae39031000 (13 bytes)
1736271750.075749 sending message 112 to peer 0x7fae39031000 (13 bytes)
1736271750.075770 sending message 112 to peer 0x7fae39031000 (13 bytes)
1736271750.075794 sending message 112 to peer 0x7fae39031000 (13 bytes)
1736271750.075819 sending message 112 to peer 0x7fae39031000 (13 bytes)
1736271750.075846 sending message 112 to peer 0x7fae39031000 (10 bytes)
1736271750.075872 sending message 112 to peer 0x7fae39031000 (9 bytes)
1736271750.075896 sending message 112 to peer 0x7fae39031000 (12 bytes)
1736271750.075922 sending message 112 to peer 0x7fae39031000 (13 bytes)
1736271750.075946 sending message 112 to peer 0x7fae39031000 (13 bytes)
1736271750.075971 sending message 112 to peer 0x7fae39031000 (13 bytes)
1736271750.075995 sending message 112 to peer 0x7fae39031000 (13 bytes)
1736271750.076061 sending message 112 to peer 0x7fae39031000 (13 bytes)
1736271750.076089 sending message 112 to peer 0x7fae39031000 (9 bytes)
1736271750.076115 sending message 112 to peer 0x7fae39031000 (12 bytes)
1736271750.076139 sending message 112 to peer 0x7fae39031000 (13 bytes)
1736271750.076161 sending message 112 to peer 0x7fae39031000 (13 bytes)
1736271750.076184 sending message 112 to peer 0x7fae39031000 (13 bytes)
1736271750.076206 sending message 112 to peer 0x7fae39031000 (13 bytes)
1736271750.076229 sending message 112 to peer 0x7fae39031000 (13 bytes)
1736271750.076254 sending message 112 to peer 0x7fae39031000 (11 bytes)
1736271750.076278 sending message 112 to peer 0x7fae39031000 (12 bytes)
1736271750.076301 sending message 112 to peer 0x7fae39031000 (13 bytes)
1736271750.076324 sending message 112 to peer 0x7fae39031000 (13 bytes)
1736271750.076347 sending message 112 to peer 0x7fae39031000 (13 bytes)
1736271750.076370 sending message 112 to peer 0x7fae39031000 (13 bytes)
1736271750.076395 sending message 112 to peer 0x7fae39031000 (13 bytes)
1736271750.076420 sending message 112 to peer 0x7fae39031000 (11 bytes)
1736271750.076444 sending message 112 to peer 0x7fae39031000 (12 bytes)
1736271750.076467 sending message 112 to peer 0x7fae39031000 (12 bytes)
1736271750.076488 sending message 112 to peer 0x7fae39031000 (12 bytes)
1736271750.076511 sending message 112 to peer 0x7fae39031000 (12 bytes)
1736271750.076539 sending message 112 to peer 0x7fae39031000 (12 bytes)
1736271750.076562 sending message 112 to peer 0x7fae39031000 (22 bytes)
1736271750.076586 sending message 112 to peer 0x7fae39031000 (12 bytes)
1736271750.076615 sending message 112 to peer 0x7fae39031000 (9 bytes)
1736271750.076640 sending message 112 to peer 0x7fae39031000 (6 bytes)
1736271750.076665 sending message 112 to peer 0x7fae39031000 (13 bytes)
1736271750.076691 sending message 112 to peer 0x7fae39031000 (10 bytes)
1736271750.076717 sending message 112 to peer 0x7fae39031000 (15 bytes)
1736271750.076742 sending message 112 to peer 0x7fae39031000 (11 bytes)
1736271750.076768 sending message 112 to peer 0x7fae39031000 (9 bytes)
1736271750.076791 sending message 112 to peer 0x7fae39031000 (70 bytes)
1736271750.076831 sending message 112 to peer 0x7fae39031000 (69 bytes)
1736271750.076857 sending message 112 to peer 0x7fae39031000 (34 bytes)
1736271750.076881 sending message 112 to peer 0x7fae39031000 (34 bytes)
1736271750.076906 sending message 112 to peer 0x7fae39031000 (69 bytes)
1736271750.076933 sending message 112 to peer 0x7fae39031000 (12 bytes)
1736271750.076955 sending message 112 to peer 0x7fae39031000 (10 bytes)
1736271750.076978 sending message 112 to peer 0x7fae39031000 (10 bytes)
1736271750.077002 sending message 112 to peer 0x7fae39031000 (15 bytes)
1736271750.077025 sending message 112 to peer 0x7fae39031000 (11 bytes)
1736271750.077049 sending message 112 to peer 0x7fae39031000 (10 bytes)
1736271750.077070 sending message 112 to peer 0x7fae39031000 (10 bytes)
1736271750.077093 sending message 112 to peer 0x7fae39031000 (17 bytes)
1736271750.077116 sending message 112 to peer 0x7fae39031000 (10 bytes)
1736271750.077140 sending message 112 to peer 0x7fae39031000 (13 bytes)
1736271750.077166 sending message 112 to peer 0x7fae39031000 (17 bytes)
1736271750.077191 sending message 112 to peer 0x7fae39031000 (5 bytes)
1736271750.077214 sending message 112 to peer 0x7fae39031000 (9 bytes)
1736271750.077238 sending message 112 to peer 0x7fae39031000 (15 bytes)
1736271750.077267 sending message 104 to peer 0x7fae39031000 (0 bytes)
1736271750.077297 sending message 110 to peer 0x7fae39031000 (0 bytes)
1736271750.077323 sending message 107 to peer 0x7fae39031000 (4 bytes)
1736271750.077348 sending message 105 to peer 0x7fae39031000 (18 bytes)
1736271750.077374 sending message 105 to peer 0x7fae39031000 (15 bytes)
1736271750.077398 sending message 105 to peer 0x7fae39031000 (38 bytes)
1736271750.077421 sending message 105 to peer 0x7fae39031000 (14 bytes)
1736271750.077447 sending message 105 to peer 0x7fae39031000 (19 bytes)
1736271750.077512 sending message 105 to peer 0x7fae39031000 (17 bytes)
1736271750.077540 sending message 105 to peer 0x7fae39031000 (60 bytes)
1736271750.077564 sending message 105 to peer 0x7fae39031000 (35 bytes)
1736271750.077589 sending message 105 to peer 0x7fae39031000 (176 bytes)
1736271750.077614 sending message 105 to peer 0x7fae39031000 (23 bytes)
1736271750.077640 sending message 105 to peer 0x7fae39031000 (57 bytes)
1736271750.077665 sending message 105 to peer 0x7fae39031000 (17 bytes)
1736271750.077689 sending message 105 to peer 0x7fae39031000 (20 bytes)
1736271750.077711 sending message 105 to peer 0x7fae39031000 (72 bytes)
1736271750.077732 sending message 105 to peer 0x7fae39031000 (22 bytes)
1736271750.077754 sending message 105 to peer 0x7fae39031000 (19 bytes)
1736271750.077780 sending message 105 to peer 0x7fae39031000 (13 bytes)
1736271750.077804 sending message 105 to peer 0x7fae39031000 (92 bytes)
1736271750.077829 sending message 105 to peer 0x7fae39031000 (15 bytes)
1736271750.077852 sending message 105 to peer 0x7fae39031000 (67 bytes)
1736271750.077875 sending message 105 to peer 0x7fae39031000 (16 bytes)
1736271750.077897 sending message 105 to peer 0x7fae39031000 (42 bytes)
1736271750.077920 sending message 105 to peer 0x7fae39031000 (66 bytes)
1736271750.077946 sending message 105 to peer 0x7fae39031000 (8 bytes)
1736271750.077973 sending message 105 to peer 0x7fae39031000 (25 bytes)
1736271750.078012 sending message 105 to peer 0x7fae39031000 (42 bytes)
1736271750.078036 sending message 105 to peer 0x7fae39031000 (40 bytes)
1736271750.078061 sending message 105 to peer 0x7fae39031000 (45 bytes)
1736271750.078086 sending message 105 to peer 0x7fae39031000 (38 bytes)
1736271750.078111 sending message 105 to peer 0x7fae39031000 (49 bytes)
1736271750.078135 sending message 105 to peer 0x7fae39031000 (20 bytes)
1736271750.078157 sending message 105 to peer 0x7fae39031000 (13 bytes)
1736271750.078181 sending message 105 to peer 0x7fae39031000 (27 bytes)
1736271750.078204 sending message 105 to peer 0x7fae39031000 (34 bytes)
1736271750.078239 sending message 105 to peer 0x7fae39031000 (40 bytes)
1736271750.078264 sending message 105 to peer 0x7fae39031000 (32 bytes)
1736271750.078287 sending message 105 to peer 0x7fae39031000 (13 bytes)
1736271750.078312 sending message 105 to peer 0x7fae39031000 (22 bytes)
1736271750.078338 sending message 106 to peer 0x7fae39031000 (0 bytes)
1736271750.078546 sending message 200 to peer 0x7fae39031000 (4 bytes)
1736271750.078576 client loop enter
1736271750.078656 client_signal: Child exited: 20
1736271750.957002 peer 0x7fae39031000 message 207
1736271750.957065 sending message 208 to peer 0x7fae39031000 (0 bytes)
1736271754.791728 peer 0x7fae39031000 message 203
1736271754.791791 sending message 205 to peer 0x7fae39031000 (0 bytes)
1736271754.792806 peer 0x7fae39031000 message 204
1736271754.792851 client loop exit
